npm warn exec The following package was not found and will be installed: serve@14.2.6
 INFO  Accepting connections at http://localhost:3000
 HTTP  3/8/2026 4:54:18 AM ::1 GET /
 HTTP  3/8/2026 4:54:18 AM ::1 Returned 200 in 254 ms
 HTTP  3/8/2026 4:54:42 AM ::1 GET /
 HTTP  3/8/2026 4:54:42 AM ::1 Returned 200 in 3 ms
 HTTP  3/8/2026 4:54:42 AM ::1 GET /_next/static/media/e4af272ccee01ff0-s.p.woff2
 HTTP  3/8/2026 4:54:42 AM ::1 GET /conxian-mark-b.svg
 HTTP  3/8/2026 4:54:42 AM ::1 Returned 200 in 4 ms
 HTTP  3/8/2026 4:54:42 AM ::1 Returned 200 in 3 ms
 HTTP  3/8/2026 4:54:42 AM ::1 GET /_next/static/css/d64476055c030e1e.css
 HTTP  3/8/2026 4:54:42 AM ::1 Returned 200 in 3 ms
 HTTP  3/8/2026 4:54:42 AM ::1 GET /_next/static/chunks/webpack-5756f38470071664.js
 HTTP  3/8/2026 4:54:42 AM ::1 Returned 200 in 2 ms
 HTTP  3/8/2026 4:54:42 AM ::1 GET /_next/static/chunks/44e10806-97ffcd820315a913.js
 HTTP  3/8/2026 4:54:42 AM ::1 Returned 200 in 3 ms
 HTTP  3/8/2026 4:54:42 AM ::1 GET /_next/static/chunks/272-e177784f14df4940.js
 HTTP  3/8/2026 4:54:42 AM ::1 GET /_next/static/chunks/main-app-53a22537a5cdb7e4.js
 HTTP  3/8/2026 4:54:42 AM ::1 GET /_next/static/chunks/294-f8cfb1b3924fb5c6.js
 HTTP  3/8/2026 4:54:42 AM ::1 GET /_next/static/chunks/107-b52922d09f40572b.js
 HTTP  3/8/2026 4:54:42 AM ::1 GET /_next/static/chunks/304-248f09501afdb471.js
 HTTP  3/8/2026 4:54:42 AM ::1 GET /_next/static/chunks/698-01b75e8aad4a2db4.js
 HTTP  3/8/2026 4:54:42 AM ::1 Returned 200 in 7 ms
 HTTP  3/8/2026 4:54:42 AM ::1 Returned 200 in 6 ms
 HTTP  3/8/2026 4:54:42 AM ::1 Returned 200 in 8 ms
 HTTP  3/8/2026 4:54:42 AM ::1 Returned 200 in 10 ms
 HTTP  3/8/2026 4:54:42 AM ::1 Returned 200 in 7 ms
 HTTP  3/8/2026 4:54:42 AM ::1 Returned 200 in 9 ms
 HTTP  3/8/2026 4:54:42 AM ::1 GET /_next/static/chunks/796-4e05751b7a6817fe.js
 HTTP  3/8/2026 4:54:42 AM ::1 GET /_next/static/chunks/app/layout-2f26ec26fd55703d.js
 HTTP  3/8/2026 4:54:42 AM ::1 GET /_next/static/chunks/app/page-b18120ec6c78002b.js
 HTTP  3/8/2026 4:54:42 AM ::1 Returned 200 in 20 ms
 HTTP  3/8/2026 4:54:42 AM ::1 Returned 200 in 15 ms
 HTTP  3/8/2026 4:54:42 AM ::1 Returned 200 in 5 ms
 HTTP  3/8/2026 4:54:51 AM ::1 GET /
 HTTP  3/8/2026 4:54:51 AM ::1 Returned 200 in 1 ms
 HTTP  3/8/2026 4:54:51 AM ::1 GET /_next/static/media/e4af272ccee01ff0-s.p.woff2
 HTTP  3/8/2026 4:54:51 AM ::1 GET /_next/static/css/d64476055c030e1e.css
 HTTP  3/8/2026 4:54:51 AM ::1 Returned 200 in 1 ms
 HTTP  3/8/2026 4:54:51 AM ::1 Returned 200 in 1 ms
 HTTP  3/8/2026 4:54:51 AM ::1 GET /conxian-mark-b.svg
 HTTP  3/8/2026 4:54:51 AM ::1 Returned 200 in 1 ms
 HTTP  3/8/2026 4:54:51 AM ::1 GET /_next/static/chunks/webpack-5756f38470071664.js
 HTTP  3/8/2026 4:54:51 AM ::1 GET /_next/static/chunks/44e10806-97ffcd820315a913.js
 HTTP  3/8/2026 4:54:51 AM ::1 GET /_next/static/chunks/272-e177784f14df4940.js
 HTTP  3/8/2026 4:54:51 AM ::1 GET /_next/static/chunks/main-app-53a22537a5cdb7e4.js
 HTTP  3/8/2026 4:54:51 AM ::1 GET /_next/static/chunks/107-b52922d09f40572b.js
 HTTP  3/8/2026 4:54:51 AM ::1 GET /_next/static/chunks/294-f8cfb1b3924fb5c6.js
 HTTP  3/8/2026 4:54:51 AM ::1 Returned 200 in 3 ms
 HTTP  3/8/2026 4:54:51 AM ::1 Returned 200 in 3 ms
 HTTP  3/8/2026 4:54:51 AM ::1 Returned 200 in 3 ms
 HTTP  3/8/2026 4:54:51 AM ::1 Returned 200 in 2 ms
 HTTP  3/8/2026 4:54:51 AM ::1 Returned 200 in 3 ms
 HTTP  3/8/2026 4:54:51 AM ::1 Returned 200 in 3 ms
 HTTP  3/8/2026 4:54:51 AM ::1 GET /_next/static/chunks/304-248f09501afdb471.js
 HTTP  3/8/2026 4:54:51 AM ::1 Returned 200 in 9 ms
 HTTP  3/8/2026 4:54:51 AM ::1 GET /_next/static/chunks/698-01b75e8aad4a2db4.js
 HTTP  3/8/2026 4:54:51 AM ::1 GET /_next/static/chunks/796-4e05751b7a6817fe.js
 HTTP  3/8/2026 4:54:51 AM ::1 Returned 200 in 3 ms
 HTTP  3/8/2026 4:54:51 AM ::1 Returned 200 in 4 ms
 HTTP  3/8/2026 4:54:51 AM ::1 GET /_next/static/chunks/app/layout-2f26ec26fd55703d.js
 HTTP  3/8/2026 4:54:51 AM ::1 Returned 200 in 2 ms
 HTTP  3/8/2026 4:54:51 AM ::1 GET /_next/static/chunks/app/page-b18120ec6c78002b.js
 HTTP  3/8/2026 4:54:51 AM ::1 Returned 200 in 2 ms
 HTTP  3/8/2026 4:54:51 AM ::1 GET /swap/index.txt?_rsc=3lb4g
 HTTP  3/8/2026 4:54:51 AM ::1 GET /launch/index.txt?_rsc=3lb4g
 HTTP  3/8/2026 4:54:51 AM ::1 GET /add-liquidity/index.txt?_rsc=3lb4g
 HTTP  3/8/2026 4:54:51 AM ::1 GET /positions/index.txt?_rsc=3lb4g
 HTTP  3/8/2026 4:54:51 AM ::1 GET /shielded/index.txt?_rsc=3lb4g
 HTTP  3/8/2026 4:54:51 AM ::1 Returned 200 in 4 ms
 HTTP  3/8/2026 4:54:51 AM ::1 Returned 200 in 4 ms
 HTTP  3/8/2026 4:54:51 AM ::1 Returned 200 in 3 ms
 HTTP  3/8/2026 4:54:51 AM ::1 Returned 200 in 4 ms
 HTTP  3/8/2026 4:54:51 AM ::1 Returned 200 in 4 ms
 HTTP  3/8/2026 4:54:51 AM ::1 GET /_next/static/chunks/800-df785ce374da0fce.js
 HTTP  3/8/2026 4:54:51 AM ::1 GET /_next/static/chunks/160-58681763c2ebfb21.js
 HTTP  3/8/2026 4:54:51 AM ::1 GET /_next/static/chunks/app/swap/page-ab1692c8e7abe253.js
 HTTP  3/8/2026 4:54:51 AM ::1 Returned 200 in 3 ms
 HTTP  3/8/2026 4:54:51 AM ::1 GET /_next/static/chunks/app/launch/page-7e5e4498bc3251ea.js
 HTTP  3/8/2026 4:54:51 AM ::1 Returned 200 in 4 ms
 HTTP  3/8/2026 4:54:51 AM ::1 Returned 200 in 5 ms
 HTTP  3/8/2026 4:54:51 AM ::1 GET /_next/static/chunks/app/add-liquidity/page-2c9578e36adeea29.js
 HTTP  3/8/2026 4:54:51 AM ::1 GET /_next/static/chunks/app/shielded/page-cfdb030b8bba42b5.js
 HTTP  3/8/2026 4:54:51 AM ::1 Returned 200 in 5 ms
 HTTP  3/8/2026 4:54:51 AM ::1 GET /_next/static/chunks/app/positions/page-d85bfcc49f9a6b0b.js
 HTTP  3/8/2026 4:54:51 AM ::1 Returned 200 in 5 ms
 HTTP  3/8/2026 4:54:51 AM ::1 Returned 200 in 5 ms
 HTTP  3/8/2026 4:54:51 AM ::1 Returned 200 in 4 ms
 HTTP  3/8/2026 4:54:51 AM ::1 GET /_next/static/chunks/60.d48cefd5a8629344.js
 HTTP  3/8/2026 4:54:51 AM ::1 Returned 200 in 2 ms
 HTTP  3/8/2026 4:54:51 AM ::1 GET /network
 HTTP  3/8/2026 4:54:51 AM ::1 Returned 200 in 1 ms
 HTTP  3/8/2026 4:54:51 AM ::1 GET /_next/static/media/e4af272ccee01ff0-s.p.woff2
 HTTP  3/8/2026 4:54:51 AM ::1 GET /conxian-mark-b.svg
 HTTP  3/8/2026 4:54:51 AM ::1 GET /_next/static/css/d64476055c030e1e.css
 HTTP  3/8/2026 4:54:51 AM ::1 Returned 304 in 1 ms
 HTTP  3/8/2026 4:54:51 AM ::1 Returned 304 in 2 ms
 HTTP  3/8/2026 4:54:51 AM ::1 Returned 304 in 1 ms
 HTTP  3/8/2026 4:54:51 AM ::1 GET /_next/static/chunks/webpack-5756f38470071664.js
 HTTP  3/8/2026 4:54:51 AM ::1 GET /_next/static/chunks/44e10806-97ffcd820315a913.js
 HTTP  3/8/2026 4:54:51 AM ::1 GET /_next/static/chunks/272-e177784f14df4940.js
 HTTP  3/8/2026 4:54:51 AM ::1 GET /_next/static/chunks/main-app-53a22537a5cdb7e4.js
 HTTP  3/8/2026 4:54:51 AM ::1 GET /_next/static/chunks/107-b52922d09f40572b.js
 HTTP  3/8/2026 4:54:51 AM ::1 GET /_next/static/chunks/294-f8cfb1b3924fb5c6.js
 HTTP  3/8/2026 4:54:51 AM ::1 Returned 304 in 2 ms
 HTTP  3/8/2026 4:54:51 AM ::1 Returned 304 in 2 ms
 HTTP  3/8/2026 4:54:51 AM ::1 Returned 304 in 2 ms
 HTTP  3/8/2026 4:54:51 AM ::1 Returned 304 in 2 ms
 HTTP  3/8/2026 4:54:51 AM ::1 Returned 304 in 2 ms
 HTTP  3/8/2026 4:54:51 AM ::1 Returned 304 in 2 ms
 HTTP  3/8/2026 4:54:51 AM ::1 GET /_next/static/chunks/304-248f09501afdb471.js
 HTTP  3/8/2026 4:54:51 AM ::1 GET /_next/static/chunks/app/network/page-29c6c261c83ad531.js
 HTTP  3/8/2026 4:54:51 AM ::1 GET /_next/static/chunks/698-01b75e8aad4a2db4.js
 HTTP  3/8/2026 4:54:51 AM ::1 GET /_next/static/chunks/796-4e05751b7a6817fe.js
 HTTP  3/8/2026 4:54:51 AM ::1 GET /_next/static/chunks/app/layout-2f26ec26fd55703d.js
 HTTP  3/8/2026 4:54:51 AM ::1 Returned 304 in 1 ms
 HTTP  3/8/2026 4:54:51 AM ::1 Returned 304 in 2 ms
 HTTP  3/8/2026 4:54:51 AM ::1 Returned 304 in 1 ms
 HTTP  3/8/2026 4:54:51 AM ::1 Returned 304 in 1 ms
 HTTP  3/8/2026 4:54:51 AM ::1 Returned 200 in 4 ms
 HTTP  3/8/2026 4:54:51 AM ::1 GET /index.txt?_rsc=105ae
 HTTP  3/8/2026 4:54:51 AM ::1 GET /swap/index.txt?_rsc=105ae
 HTTP  3/8/2026 4:54:51 AM ::1 GET /launch/index.txt?_rsc=105ae
 HTTP  3/8/2026 4:54:51 AM ::1 GET /add-liquidity/index.txt?_rsc=105ae
 HTTP  3/8/2026 4:54:51 AM ::1 GET /positions/index.txt?_rsc=105ae
 HTTP  3/8/2026 4:54:51 AM ::1 Returned 200 in 2 ms
 HTTP  3/8/2026 4:54:51 AM ::1 Returned 200 in 1 ms
 HTTP  3/8/2026 4:54:51 AM ::1 Returned 200 in 2 ms
 HTTP  3/8/2026 4:54:51 AM ::1 Returned 200 in 2 ms
 HTTP  3/8/2026 4:54:51 AM ::1 Returned 200 in 6 ms
 HTTP  3/8/2026 4:54:51 AM ::1 GET /_next/static/chunks/800-df785ce374da0fce.js
 HTTP  3/8/2026 4:54:51 AM ::1 GET /_next/static/chunks/160-58681763c2ebfb21.js
 HTTP  3/8/2026 4:54:51 AM ::1 GET /shielded/index.txt?_rsc=105ae
 HTTP  3/8/2026 4:54:51 AM ::1 GET /_next/static/chunks/app/launch/page-7e5e4498bc3251ea.js
 HTTP  3/8/2026 4:54:51 AM ::1 GET /_next/static/chunks/app/swap/page-ab1692c8e7abe253.js
 HTTP  3/8/2026 4:54:51 AM ::1 GET /_next/static/chunks/app/add-liquidity/page-2c9578e36adeea29.js
 HTTP  3/8/2026 4:54:51 AM ::1 Returned 304 in 3 ms
 HTTP  3/8/2026 4:54:51 AM ::1 Returned 304 in 3 ms
 HTTP  3/8/2026 4:54:51 AM ::1 Returned 200 in 3 ms
 HTTP  3/8/2026 4:54:51 AM ::1 Returned 304 in 3 ms
 HTTP  3/8/2026 4:54:51 AM ::1 Returned 304 in 3 ms
 HTTP  3/8/2026 4:54:51 AM ::1 Returned 304 in 4 ms
 HTTP  3/8/2026 4:54:51 AM ::1 GET /_next/static/chunks/app/positions/page-d85bfcc49f9a6b0b.js
 HTTP  3/8/2026 4:54:51 AM ::1 GET /_next/static/chunks/app/page-b18120ec6c78002b.js
 HTTP  3/8/2026 4:54:51 AM ::1 Returned 304 in 3 ms
 HTTP  3/8/2026 4:54:51 AM ::1 Returned 304 in 3 ms
 HTTP  3/8/2026 4:54:51 AM ::1 GET /_next/static/chunks/60.d48cefd5a8629344.js
 HTTP  3/8/2026 4:54:51 AM ::1 Returned 304 in 1 ms
 HTTP  3/8/2026 4:54:51 AM ::1 GET /_next/static/chunks/app/shielded/page-cfdb030b8bba42b5.js
 HTTP  3/8/2026 4:54:51 AM ::1 Returned 304 in 1 ms
 HTTP  3/8/2026 4:55:14 AM ::1 GET /
 HTTP  3/8/2026 4:55:14 AM ::1 Returned 200 in 1 ms
 HTTP  3/8/2026 4:55:14 AM ::1 GET /_next/static/media/e4af272ccee01ff0-s.p.woff2
 HTTP  3/8/2026 4:55:14 AM ::1 Returned 200 in 1 ms
 HTTP  3/8/2026 4:55:14 AM ::1 GET /_next/static/css/d64476055c030e1e.css
 HTTP  3/8/2026 4:55:14 AM ::1 GET /conxian-mark-b.svg
 HTTP  3/8/2026 4:55:14 AM ::1 Returned 200 in 1 ms
 HTTP  3/8/2026 4:55:14 AM ::1 Returned 200 in 1 ms
 HTTP  3/8/2026 4:55:14 AM ::1 GET /_next/static/chunks/webpack-5756f38470071664.js
 HTTP  3/8/2026 4:55:14 AM ::1 GET /_next/static/chunks/44e10806-97ffcd820315a913.js
 HTTP  3/8/2026 4:55:14 AM ::1 GET /_next/static/chunks/272-e177784f14df4940.js
 HTTP  3/8/2026 4:55:14 AM ::1 GET /_next/static/chunks/main-app-53a22537a5cdb7e4.js
 HTTP  3/8/2026 4:55:14 AM ::1 GET /_next/static/chunks/107-b52922d09f40572b.js
 HTTP  3/8/2026 4:55:14 AM ::1 GET /_next/static/chunks/294-f8cfb1b3924fb5c6.js
 HTTP  3/8/2026 4:55:14 AM ::1 Returned 200 in 3 ms
 HTTP  3/8/2026 4:55:14 AM ::1 Returned 200 in 2 ms
 HTTP  3/8/2026 4:55:14 AM ::1 Returned 200 in 2 ms
 HTTP  3/8/2026 4:55:14 AM ::1 Returned 200 in 3 ms
 HTTP  3/8/2026 4:55:14 AM ::1 Returned 200 in 2 ms
 HTTP  3/8/2026 4:55:14 AM ::1 Returned 200 in 2 ms
 HTTP  3/8/2026 4:55:14 AM ::1 GET /_next/static/chunks/304-248f09501afdb471.js
 HTTP  3/8/2026 4:55:14 AM ::1 Returned 200 in 8 ms
 HTTP  3/8/2026 4:55:14 AM ::1 GET /_next/static/chunks/698-01b75e8aad4a2db4.js
 HTTP  3/8/2026 4:55:14 AM ::1 Returned 200 in 3 ms
 HTTP  3/8/2026 4:55:14 AM ::1 GET /_next/static/chunks/796-4e05751b7a6817fe.js
 HTTP  3/8/2026 4:55:14 AM ::1 Returned 200 in 3 ms
 HTTP  3/8/2026 4:55:14 AM ::1 GET /_next/static/chunks/app/layout-2f26ec26fd55703d.js
 HTTP  3/8/2026 4:55:14 AM ::1 Returned 200 in 1 ms
 HTTP  3/8/2026 4:55:14 AM ::1 GET /_next/static/chunks/app/page-b18120ec6c78002b.js
 HTTP  3/8/2026 4:55:14 AM ::1 Returned 200 in 1 ms
 HTTP  3/8/2026 4:55:14 AM ::1 GET /swap/index.txt?_rsc=3lb4g
 HTTP  3/8/2026 4:55:14 AM ::1 GET /launch/index.txt?_rsc=3lb4g
 HTTP  3/8/2026 4:55:14 AM ::1 GET /add-liquidity/index.txt?_rsc=3lb4g
 HTTP  3/8/2026 4:55:14 AM ::1 Returned 200 in 1 ms
 HTTP  3/8/2026 4:55:14 AM ::1 Returned 200 in 1 ms
 HTTP  3/8/2026 4:55:14 AM ::1 Returned 200 in 2 ms
 HTTP  3/8/2026 4:55:15 AM ::1 GET /positions/index.txt?_rsc=3lb4g
 HTTP  3/8/2026 4:55:15 AM ::1 Returned 200 in 1 ms
 HTTP  3/8/2026 4:55:15 AM ::1 GET /shielded/index.txt?_rsc=3lb4g
 HTTP  3/8/2026 4:55:15 AM ::1 Returned 200 in 1 ms
 HTTP  3/8/2026 4:55:15 AM ::1 GET /_next/static/chunks/800-df785ce374da0fce.js
 HTTP  3/8/2026 4:55:15 AM ::1 GET /_next/static/chunks/160-58681763c2ebfb21.js
 HTTP  3/8/2026 4:55:15 AM ::1 Returned 200 in 1 ms
 HTTP  3/8/2026 4:55:15 AM ::1 Returned 200 in 1 ms
 HTTP  3/8/2026 4:55:15 AM ::1 GET /_next/static/chunks/app/swap/page-ab1692c8e7abe253.js
 HTTP  3/8/2026 4:55:15 AM ::1 GET /_next/static/chunks/app/add-liquidity/page-2c9578e36adeea29.js
 HTTP  3/8/2026 4:55:15 AM ::1 Returned 200 in 1 ms
 HTTP  3/8/2026 4:55:15 AM ::1 Returned 200 in 1 ms
 HTTP  3/8/2026 4:55:15 AM ::1 GET /_next/static/chunks/app/launch/page-7e5e4498bc3251ea.js
 HTTP  3/8/2026 4:55:15 AM ::1 GET /_next/static/chunks/app/positions/page-d85bfcc49f9a6b0b.js
 HTTP  3/8/2026 4:55:15 AM ::1 Returned 200 in 2 ms
 HTTP  3/8/2026 4:55:15 AM ::1 Returned 200 in 2 ms
 HTTP  3/8/2026 4:55:15 AM ::1 GET /_next/static/chunks/app/shielded/page-cfdb030b8bba42b5.js
 HTTP  3/8/2026 4:55:15 AM ::1 Returned 200 in 2 ms
 HTTP  3/8/2026 4:55:15 AM ::1 GET /_next/static/chunks/60.d48cefd5a8629344.js
 HTTP  3/8/2026 4:55:15 AM ::1 Returned 200 in 1 ms
 HTTP  3/8/2026 4:55:17 AM ::1 GET /network
 HTTP  3/8/2026 4:55:17 AM ::1 Returned 200 in 1 ms
 HTTP  3/8/2026 4:55:17 AM ::1 GET /_next/static/media/e4af272ccee01ff0-s.p.woff2
 HTTP  3/8/2026 4:55:17 AM ::1 GET /_next/static/css/d64476055c030e1e.css
 HTTP  3/8/2026 4:55:17 AM ::1 GET /conxian-mark-b.svg
 HTTP  3/8/2026 4:55:17 AM ::1 Returned 304 in 1 ms
 HTTP  3/8/2026 4:55:17 AM ::1 Returned 304 in 1 ms
 HTTP  3/8/2026 4:55:17 AM ::1 Returned 304 in 1 ms
 HTTP  3/8/2026 4:55:17 AM ::1 GET /_next/static/chunks/webpack-5756f38470071664.js
 HTTP  3/8/2026 4:55:17 AM ::1 GET /_next/static/chunks/44e10806-97ffcd820315a913.js
 HTTP  3/8/2026 4:55:17 AM ::1 GET /_next/static/chunks/272-e177784f14df4940.js
 HTTP  3/8/2026 4:55:17 AM ::1 GET /_next/static/chunks/main-app-53a22537a5cdb7e4.js
 HTTP  3/8/2026 4:55:17 AM ::1 GET /_next/static/chunks/107-b52922d09f40572b.js
 HTTP  3/8/2026 4:55:17 AM ::1 GET /_next/static/chunks/294-f8cfb1b3924fb5c6.js
 HTTP  3/8/2026 4:55:17 AM ::1 Returned 304 in 2 ms
 HTTP  3/8/2026 4:55:17 AM ::1 Returned 304 in 2 ms
 HTTP  3/8/2026 4:55:17 AM ::1 Returned 304 in 2 ms
 HTTP  3/8/2026 4:55:17 AM ::1 Returned 304 in 2 ms
 HTTP  3/8/2026 4:55:17 AM ::1 Returned 304 in 3 ms
 HTTP  3/8/2026 4:55:17 AM ::1 Returned 304 in 3 ms
 HTTP  3/8/2026 4:55:17 AM ::1 GET /_next/static/chunks/304-248f09501afdb471.js
 HTTP  3/8/2026 4:55:17 AM ::1 GET /_next/static/chunks/app/network/page-29c6c261c83ad531.js
 HTTP  3/8/2026 4:55:17 AM ::1 GET /_next/static/chunks/698-01b75e8aad4a2db4.js
 HTTP  3/8/2026 4:55:17 AM ::1 GET /_next/static/chunks/796-4e05751b7a6817fe.js
 HTTP  3/8/2026 4:55:17 AM ::1 GET /_next/static/chunks/app/layout-2f26ec26fd55703d.js
 HTTP  3/8/2026 4:55:17 AM ::1 Returned 304 in 2 ms
 HTTP  3/8/2026 4:55:17 AM ::1 Returned 200 in 1 ms
 HTTP  3/8/2026 4:55:17 AM ::1 Returned 304 in 2 ms
 HTTP  3/8/2026 4:55:17 AM ::1 Returned 304 in 2 ms
 HTTP  3/8/2026 4:55:17 AM ::1 Returned 304 in 2 ms
 HTTP  3/8/2026 4:55:18 AM ::1 GET /index.txt?_rsc=105ae
 HTTP  3/8/2026 4:55:18 AM ::1 Returned 200 in 1 ms
 HTTP  3/8/2026 4:55:18 AM ::1 GET /swap/index.txt?_rsc=105ae
 HTTP  3/8/2026 4:55:18 AM ::1 GET /launch/index.txt?_rsc=105ae
 HTTP  3/8/2026 4:55:18 AM ::1 GET /add-liquidity/index.txt?_rsc=105ae
 HTTP  3/8/2026 4:55:18 AM ::1 GET /positions/index.txt?_rsc=105ae
 HTTP  3/8/2026 4:55:18 AM ::1 Returned 200 in 3 ms
 HTTP  3/8/2026 4:55:18 AM ::1 Returned 200 in 2 ms
 HTTP  3/8/2026 4:55:18 AM ::1 Returned 200 in 2 ms
 HTTP  3/8/2026 4:55:18 AM ::1 Returned 200 in 2 ms
 HTTP  3/8/2026 4:55:18 AM ::1 GET /_next/static/chunks/app/page-b18120ec6c78002b.js
 HTTP  3/8/2026 4:55:18 AM ::1 Returned 304 in 1 ms
 HTTP  3/8/2026 4:55:18 AM ::1 GET /shielded/index.txt?_rsc=105ae
 HTTP  3/8/2026 4:55:18 AM ::1 Returned 200 in 1 ms
 HTTP  3/8/2026 4:55:18 AM ::1 GET /_next/static/chunks/800-df785ce374da0fce.js
 HTTP  3/8/2026 4:55:18 AM ::1 GET /_next/static/chunks/160-58681763c2ebfb21.js
 HTTP  3/8/2026 4:55:18 AM ::1 Returned 304 in 1 ms
 HTTP  3/8/2026 4:55:18 AM ::1 Returned 304 in 1 ms
 HTTP  3/8/2026 4:55:18 AM ::1 GET /_next/static/chunks/app/swap/page-ab1692c8e7abe253.js
 HTTP  3/8/2026 4:55:18 AM ::1 Returned 304 in 1 ms
 HTTP  3/8/2026 4:55:18 AM ::1 GET /_next/static/chunks/app/shielded/page-cfdb030b8bba42b5.js
 HTTP  3/8/2026 4:55:18 AM ::1 Returned 304 in 1 ms
 HTTP  3/8/2026 4:55:18 AM ::1 GET /_next/static/chunks/app/launch/page-7e5e4498bc3251ea.js
 HTTP  3/8/2026 4:55:18 AM ::1 GET /_next/static/chunks/app/add-liquidity/page-2c9578e36adeea29.js
 HTTP  3/8/2026 4:55:18 AM ::1 Returned 304 in 2 ms
 HTTP  3/8/2026 4:55:18 AM ::1 Returned 304 in 2 ms
 HTTP  3/8/2026 4:55:18 AM ::1 GET /_next/static/chunks/app/positions/page-d85bfcc49f9a6b0b.js
 HTTP  3/8/2026 4:55:18 AM ::1 Returned 304 in 0 ms
 HTTP  3/8/2026 4:55:18 AM ::1 GET /_next/static/chunks/60.d48cefd5a8629344.js
 HTTP  3/8/2026 4:55:18 AM ::1 Returned 304 in 1 ms

 INFO  Gracefully shutting down. Please wait...
